  Determining projects to restore...
  All projects are up-to-date for restore.
  CourseManagementSystem.Core -> D:\Big Project\CourseManagementSystem\CourseManagementSystem.Core\bin\Debug\net8.0\CourseManagementSystem.Core.dll
D:\Big Project\CourseManagementSystem\CourseManagementSystem.Infrastructure\Services\UserService.cs(24,20): warning CS8603: Possible null reference return. [D:\Big Project\CourseManagementSystem\CourseManagementSystem.Infrastructure\CourseManagementSystem.Infrastructure.csproj]
D:\Big Project\CourseManagementSystem\CourseManagementSystem.Infrastructure\Repositories\UserRepository.cs(26,20): warning CS8603: Possible null reference return. [D:\Big Project\CourseManagementSystem\CourseManagementSystem.Infrastructure\CourseManagementSystem.Infrastructure.csproj]
D:\Big Project\CourseManagementSystem\CourseManagementSystem.Infrastructure\Repositories\UserRepository.cs(31,20): warning CS8603: Possible null reference return. [D:\Big Project\CourseManagementSystem\CourseManagementSystem.Infrastructure\CourseManagementSystem.Infrastructure.csproj]
D:\Big Project\CourseManagementSystem\CourseManagementSystem.Infrastructure\Services\EnrollmentService.cs(20,16): warning CS8618: Non-nullable field '_context' must contain a non-null value when exiting constructor. Consider adding the 'required' modifier or declaring the field as nullable. [D:\Big Project\CourseManagementSystem\CourseManagementSystem.Infrastructure\CourseManagementSystem.Infrastructure.csproj]
D:\Big Project\CourseManagementSystem\CourseManagementSystem.Infrastructure\Services\EnrollmentService.cs(34,20): warning CS8603: Possible null reference return. [D:\Big Project\CourseManagementSystem\CourseManagementSystem.Infrastructure\CourseManagementSystem.Infrastructure.csproj]
D:\Big Project\CourseManagementSystem\CourseManagementSystem.Infrastructure\Repositories\EnrollmentRepository.cs(26,20): warning CS8603: Possible null reference return. [D:\Big Project\CourseManagementSystem\CourseManagementSystem.Infrastructure\CourseManagementSystem.Infrastructure.csproj]
D:\Big Project\CourseManagementSystem\CourseManagementSystem.Infrastructure\Repositories\CategoryRepository.cs(28,20): warning CS8603: Possible null reference return. [D:\Big Project\CourseManagementSystem\CourseManagementSystem.Infrastructure\CourseManagementSystem.Infrastructure.csproj]
D:\Big Project\CourseManagementSystem\CourseManagementSystem.Infrastructure\Repositories\CourseRepositor.cs(24,20): warning CS8603: Possible null reference return. [D:\Big Project\CourseManagementSystem\CourseManagementSystem.Infrastructure\CourseManagementSystem.Infrastructure.csproj]
D:\Big Project\CourseManagementSystem\CourseManagementSystem.Infrastructure\Repositories\CourseRepositor.cs(29,20): warning CS8603: Possible null reference return. [D:\Big Project\CourseManagementSystem\CourseManagementSystem.Infrastructure\CourseManagementSystem.Infrastructure.csproj]
D:\Big Project\CourseManagementSystem\CourseManagementSystem.Infrastructure\Services\CourseService.cs(24,20): warning CS8603: Possible null reference return. [D:\Big Project\CourseManagementSystem\CourseManagementSystem.Infrastructure\CourseManagementSystem.Infrastructure.csproj]
D:\Big Project\CourseManagementSystem\CourseManagementSystem.Infrastructure\Services\AuthService.cs(147,20): warning CS8603: Possible null reference return. [D:\Big Project\CourseManagementSystem\CourseManagementSystem.Infrastructure\CourseManagementSystem.Infrastructure.csproj]
  CourseManagementSystem.Infrastructure -> D:\Big Project\CourseManagementSystem\CourseManagementSystem.Infrastructure\bin\Debug\net8.0\CourseManagementSystem.Infrastructure.dll
D:\Big Project\CourseManagementSystem\CourseManagementSystem.Api\Program.cs(74,23): error CS0246: The type or namespace name 'AuthorizeCheckOperationFilter' could not be found (are you missing a using directive or an assembly reference?) [D:\Big Project\CourseManagementSystem\CourseManagementSystem.Api\CourseManagementSystem.Api.csproj]

Build FAILED.

D:\Big Project\CourseManagementSystem\CourseManagementSystem.Infrastructure\Services\UserService.cs(24,20): warning CS8603: Possible null reference return. [D:\Big Project\CourseManagementSystem\CourseManagementSystem.Infrastructure\CourseManagementSystem.Infrastructure.csproj]
D:\Big Project\CourseManagementSystem\CourseManagementSystem.Infrastructure\Repositories\UserRepository.cs(26,20): warning CS8603: Possible null reference return. [D:\Big Project\CourseManagementSystem\CourseManagementSystem.Infrastructure\CourseManagementSystem.Infrastructure.csproj]
D:\Big Project\CourseManagementSystem\CourseManagementSystem.Infrastructure\Repositories\UserRepository.cs(31,20): warning CS8603: Possible null reference return. [D:\Big Project\CourseManagementSystem\CourseManagementSystem.Infrastructure\CourseManagementSystem.Infrastructure.csproj]
D:\Big Project\CourseManagementSystem\CourseManagementSystem.Infrastructure\Services\EnrollmentService.cs(20,16): warning CS8618: Non-nullable field '_context' must contain a non-null value when exiting constructor. Consider adding the 'required' modifier or declaring the field as nullable. [D:\Big Project\CourseManagementSystem\CourseManagementSystem.Infrastructure\CourseManagementSystem.Infrastructure.csproj]
D:\Big Project\CourseManagementSystem\CourseManagementSystem.Infrastructure\Services\EnrollmentService.cs(34,20): warning CS8603: Possible null reference return. [D:\Big Project\CourseManagementSystem\CourseManagementSystem.Infrastructure\CourseManagementSystem.Infrastructure.csproj]
D:\Big Project\CourseManagementSystem\CourseManagementSystem.Infrastructure\Repositories\EnrollmentRepository.cs(26,20): warning CS8603: Possible null reference return. [D:\Big Project\CourseManagementSystem\CourseManagementSystem.Infrastructure\CourseManagementSystem.Infrastructure.csproj]
D:\Big Project\CourseManagementSystem\CourseManagementSystem.Infrastructure\Repositories\CategoryRepository.cs(28,20): warning CS8603: Possible null reference return. [D:\Big Project\CourseManagementSystem\CourseManagementSystem.Infrastructure\CourseManagementSystem.Infrastructure.csproj]
D:\Big Project\CourseManagementSystem\CourseManagementSystem.Infrastructure\Repositories\CourseRepositor.cs(24,20): warning CS8603: Possible null reference return. [D:\Big Project\CourseManagementSystem\CourseManagementSystem.Infrastructure\CourseManagementSystem.Infrastructure.csproj]
D:\Big Project\CourseManagementSystem\CourseManagementSystem.Infrastructure\Repositories\CourseRepositor.cs(29,20): warning CS8603: Possible null reference return. [D:\Big Project\CourseManagementSystem\CourseManagementSystem.Infrastructure\CourseManagementSystem.Infrastructure.csproj]
D:\Big Project\CourseManagementSystem\CourseManagementSystem.Infrastructure\Services\CourseService.cs(24,20): warning CS8603: Possible null reference return. [D:\Big Project\CourseManagementSystem\CourseManagementSystem.Infrastructure\CourseManagementSystem.Infrastructure.csproj]
D:\Big Project\CourseManagementSystem\CourseManagementSystem.Infrastructure\Services\AuthService.cs(147,20): warning CS8603: Possible null reference return. [D:\Big Project\CourseManagementSystem\CourseManagementSystem.Infrastructure\CourseManagementSystem.Infrastructure.csproj]
D:\Big Project\CourseManagementSystem\CourseManagementSystem.Api\Program.cs(74,23): error CS0246: The type or namespace name 'AuthorizeCheckOperationFilter' could not be found (are you missing a using directive or an assembly reference?) [D:\Big Project\CourseManagementSystem\CourseManagementSystem.Api\CourseManagementSystem.Api.csproj]
    11 Warning(s)
    1 Error(s)

Time Elapsed 00:00:02.05
